
   PASS  Tests\Unit\ExampleTest
  Γ£ô that true is true                                                                                            0.01s  

   FAIL  Tests\Feature\Auth\AuthenticationTest
  Γ£ô login screen can be rendered                                                                                44.76s  
  Γ¿» users can authenticate using the login screen                                                                6.55s  
  Γ£ô users can not authenticate with invalid password                                                             9.21s  
  Γ¿» navigation menu can be rendered                                                                              8.42s  
  Γ£ô users can logout                                                                                             0.44s  

   PASS  Tests\Feature\Auth\EmailVerificationTest
  Γ£ô email verification screen can be rendered                                                                    0.21s  
  Γ£ô email can be verified                                                                                        0.20s  
  Γ£ô email is not verified with invalid hash                                                                      0.17s  

   PASS  Tests\Feature\Auth\PasswordConfirmationTest
  Γ£ô confirm password screen can be rendered                                                                      0.19s  
  Γ£ô password can be confirmed                                                                                    0.22s  
  Γ£ô password is not confirmed with invalid password                                                              0.40s  

   PASS  Tests\Feature\Auth\PasswordResetTest
  Γ£ô reset password link screen can be rendered                                                                   0.22s  
  Γ£ô reset password link can be requested                                                                         1.73s  
  Γ£ô reset password screen can be rendered                                                                        1.86s  
  Γ£ô password can be reset with valid token                                                                       0.67s  

   PASS  Tests\Feature\Auth\PasswordUpdateTest
  Γ£ô password can be updated                                                                                      2.13s  
  Γ£ô correct password must be provided to update password                                                         0.10s  

   PASS  Tests\Feature\Auth\RegistrationTest
  Γ£ô registration is disabled                                                                                     0.04s  

   PASS  Tests\Feature\ExampleTest
  Γ£ô the application returns a successful response                                                                0.05s  

   PASS  Tests\Feature\ManagerAccessTest
  Γ£ô manager can open manager panel                                                                               0.08s  
  Γ£ô resident cannot open manager panel                                                                           0.03s  

   FAIL  Tests\Feature\ProfileTest
  Γ£ô profile page is displayed                                                                                   10.95s  
  Γ¿» profile information can be updated                                                                           8.72s  
  Γ£ô email verification status is unchanged when the email address is unchanged                                   0.15s  
  Γ£ô user can delete their account                                                                                0.07s  
  Γ£ô correct password must be provided to delete account                                                          0.06s  
  ΓöÇΓöÇΓöÇΓöÇΓöÇΓöÇΓöÇΓöÇΓöÇΓöÇΓöÇΓöÇΓöÇΓöÇΓöÇΓöÇΓöÇΓöÇΓöÇΓöÇΓöÇΓöÇΓöÇΓöÇΓöÇΓöÇΓöÇΓöÇΓöÇΓöÇΓöÇΓöÇΓöÇΓöÇΓöÇΓöÇΓöÇΓöÇΓöÇΓöÇΓöÇΓöÇΓöÇΓöÇΓöÇΓöÇΓöÇΓöÇΓöÇΓöÇΓöÇΓöÇΓöÇΓöÇΓöÇΓöÇΓöÇΓöÇΓöÇΓöÇΓöÇΓöÇΓöÇΓöÇΓöÇΓöÇΓöÇΓöÇΓöÇΓöÇΓöÇΓöÇΓöÇΓöÇΓöÇΓöÇΓöÇΓöÇΓöÇΓöÇΓöÇΓöÇΓöÇΓöÇΓöÇΓöÇΓöÇΓöÇΓöÇΓöÇΓöÇΓöÇΓöÇΓöÇΓöÇΓöÇΓöÇΓöÇΓöÇΓöÇΓöÇΓöÇΓöÇΓöÇΓöÇΓöÇΓöÇΓöÇΓöÇΓöÇΓöÇΓöÇΓöÇΓöÇΓöÇΓöÇ  
   FAILED  Tests\Feature\Auth\AuthenticationTest > users can authenticate using the login screen        ViewException   
  rename(C:\laragon\www\water\storage\framework\views\031C0B1.tmp,C:\laragon\www\water\storage\framework\views/031ad15984a29d93ddf8a732af618e6b.php): Access is denied (code: 5) (View: C:\laragon\www\water\resources\views\components\input-error.blade.php) (View: C:\laragon\www\water\resources\views\components\input-error.blade.php)

  at vendor\laravel\framework\src\Illuminate\Filesystem\Filesystem.php:233
    229Γûò         }
    230Γûò 
    231Γûò         file_put_contents($tempPath, $content);
    232Γûò 
  Γ₧£ 233Γûò         rename($tempPath, $path);
    234Γûò     }
    235Γûò 
    236Γûò     /**
    237Γûò      * Replace a given string within a given file.

  1   vendor\laravel\framework\src\Illuminate\Filesystem\Filesystem.php:233
  2   vendor\livewire\livewire\src\Mechanisms\ExtendBlade\ExtendedCompilerEngine.php:58

  ΓöÇΓöÇΓöÇΓöÇΓöÇΓöÇΓöÇΓöÇΓöÇΓöÇΓöÇΓöÇΓöÇΓöÇΓöÇΓöÇΓöÇΓöÇΓöÇΓöÇΓöÇΓöÇΓöÇΓöÇΓöÇΓöÇΓöÇΓöÇΓöÇΓöÇΓöÇΓöÇΓöÇΓöÇΓöÇΓöÇΓöÇΓöÇΓöÇΓöÇΓöÇΓöÇΓöÇΓöÇΓöÇΓöÇΓöÇΓöÇΓöÇΓöÇΓöÇΓöÇΓöÇΓöÇΓöÇΓöÇΓöÇΓöÇΓöÇΓöÇΓöÇΓöÇΓöÇΓöÇΓöÇΓöÇΓöÇΓöÇΓöÇΓöÇΓöÇΓöÇΓöÇΓöÇΓöÇΓöÇΓöÇΓöÇΓöÇΓöÇΓöÇΓöÇΓöÇΓöÇΓöÇΓöÇΓöÇΓöÇΓöÇΓöÇΓöÇΓöÇΓöÇΓöÇΓöÇΓöÇΓöÇΓöÇΓöÇΓöÇΓöÇΓöÇΓöÇΓöÇΓöÇΓöÇΓöÇΓöÇΓöÇΓöÇΓöÇΓöÇΓöÇΓöÇΓöÇΓöÇ  
   FAILED  Tests\Feature\Auth\AuthenticationTest > navigation menu can be rendered                                      
  Expected response status code [200] but received 500.
Failed asserting that 500 is identical to 200.

The following exception occurred during the last request:

ErrorException: rename(C:\laragon\www\water\storage\framework\views\1f7E505.tmp,C:\laragon\www\water\storage\framework\views\1f787a385e44c99d621ad23dd3ca692e.php): Access is denied (code: 5) in C:\laragon\www\water\vendor\laravel\framework\src\Illuminate\Filesystem\Filesystem.php:233
Stack trace:
#0 C:\laragon\www\water\vendor\laravel\framework\src\Illuminate\Foundation\Bootstrap\HandleExceptions.php(258): Illuminate\Foundation\Bootstrap\HandleExceptions->handleError(2, 'rename(C:\\larag...', 'C:\\laragon\\www\\...', 233)
#1 [internal function]: Illuminate\Foundation\Bootstrap\HandleExceptions->Illuminate\Foundation\Bootstrap\{closure}(2, 'rename(C:\\larag...', 'C:\\laragon\\www\\...', 233)
#2 C:\laragon\www\water\vendor\laravel\framework\src\Illuminate\Filesystem\Filesystem.php(233): rename('C:\\laragon\\www\\...', 'C:\\laragon\\www\\...')
#3 C:\laragon\www\water\vendor\laravel\framework\src\Illuminate\View\Compilers\BladeCompiler.php(207): Illuminate\Filesystem\Filesystem->replace('C:\\laragon\\www\\...', '<?php\n\nuse App\\...')
#4 C:\laragon\www\water\vendor\laravel\framework\src\Illuminate\View\Engines\CompilerEngine.php(68): Illuminate\View\Compilers\BladeCompiler->compile('C:\\laragon\\www\\...')
#5 C:\laragon\www\water\vendor\livewire\livewire\src\Mechanisms\ExtendBlade\ExtendedCompilerEngine.php(16): Illuminate\View\Engines\CompilerEngine->get('C:\\laragon\\www\\...', Array)
#6 C:\laragon\www\water\vendor\laravel\framework\src\Illuminate\View\View.php(208): Livewire\Mechanisms\ExtendBlade\ExtendedCompilerEngine->get('C:\\laragon\\www\\...', Array)
#7 C:\laragon\www\water\vendor\laravel\framework\src\Illuminate\View\View.php(191): Illuminate\View\View->getContents()
#8 C:\laragon\www\water\vendor\laravel\framework\src\Illuminate\View\View.php(160): Illuminate\View\View->renderContents()
#9 C:\laragon\www\water\vendor\livewire\livewire\src\Mechanisms\HandleComponents\HandleComponents.php(259): Illuminate\View\View->render(Object(Closure))
#10 C:\laragon\www\water\vendor\livewire\livewire\src\Mechanisms\HandleComponents\HandleComponents.php(303): Livewire\Mechanisms\HandleComponents\HandleComponents->Livewire\Mechanisms\HandleComponents\{closure}()
#11 C:\laragon\www\water\vendor\livewire\livewire\src\Mechanisms\HandleComponents\HandleComponents.php(251): Livewire\Mechanisms\HandleComponents\HandleComponents->trackInRenderStack(Object(Livewire\Volt\Component@anonymous), Object(Closure))
#12 C:\laragon\www\water\vendor\livewire\livewire\src\Mechanisms\HandleComponents\HandleComponents.php(54): Livewire\Mechanisms\HandleComponents\HandleComponents->render(Object(Livewire\Volt\Component@anonymous), '<div></div>')
#13 C:\laragon\www\water\vendor\livewire\livewire\src\LivewireManager.php(73): Livewire\Mechanisms\HandleComponents\HandleComponents->mount('Livewire\\Volt\\C...', Array, NULL)
#14 C:\laragon\www\water\vendor\livewire\volt\src\LivewireManager.php(23): Livewire\LivewireManager->mount('Livewire\\Volt\\C...', Array, NULL, Array)
#15 C:\laragon\www\water\vendor\livewire\livewire\src\Features\SupportPageComponents\HandlesPageComponents.php(17): Livewire\Volt\LivewireManager->mount('Livewire\\Volt\\C...', Array)
#16 C:\laragon\www\water\vendor\livewire\livewire\src\Features\SupportPageComponents\SupportPageComponents.php(117): Livewire\Component->Livewire\Features\SupportPageComponents\{closure}()
#17 C:\laragon\www\water\vendor\livewire\livewire\src\Features\SupportPageComponents\HandlesPageComponents.php(14): Livewire\Features\SupportPageComponents\SupportPageComponents::interceptTheRenderOfTheComponentAndRetreiveTheLayoutConfiguration(Object(Closure))
#18 C:\laragon\www\water\vendor\laravel\framework\src\Illuminate\Container\BoundMethod.php(36): Livewire\Component->__invoke()
#19 C:\laragon\www\water\vendor\laravel\framework\src\Illuminate\Container\Util.php(43): Illuminate\Container\BoundMethod::Illuminate\Container\{closure}()
#20 C:\laragon\www\water\vendor\laravel\framework\src\Illuminate\Container\BoundMethod.php(96): Illuminate\Container\Util::unwrapIfClosure(Object(Closure))
#21 C:\laragon\www\water\vendor\laravel\framework\src\Illuminate\Container\BoundMethod.php(35): Illuminate\Container\BoundMethod::callBoundMethod(Object(Illuminate\Foundation\Application), Array, Object(Closure))
#22 C:\laragon\www\water\vendor\laravel\framework\src\Illuminate\Container\Container.php(799): Illuminate\Container\BoundMethod::call(Object(Illuminate\Foundation\Application), Array, Array, NULL)
#23 C:\laragon\www\water\vendor\livewire\volt\src\VoltManager.php(37): Illuminate\Container\Container->call(Array)
#24 C:\laragon\www\water\vendor\laravel\framework\src\Illuminate\Routing\CallableDispatcher.php(39): Livewire\Volt\VoltManager->Livewire\Volt\{closure}()
#25 C:\laragon\www\water\vendor\laravel\framework\src\Illuminate\Routing\Route.php(247): Illuminate\Routing\CallableDispatcher->dispatch(Object(Illuminate\Routing\Route), Object(Closure))
#26 C:\laragon\www\water\vendor\laravel\framework\src\Illuminate\Routing\Route.php(218): Illuminate\Routing\Route->runCallable()
#27 C:\laragon\www\water\vendor\laravel\framework\src\Illuminate\Routing\Router.php(822): Illuminate\Routing\Route->run()
#28 C:\laragon\www\water\vendor\laravel\framework\src\Illuminate\Pipeline\Pipeline.php(180): Illuminate\Routing\Router->Illuminate\Routing\{closure}(Object(Illuminate\Http\Request))
#29 C:\laragon\www\water\vendor\laravel\framework\src\Illuminate\Auth\Middleware\EnsureEmailIsVerified.php(41): Illuminate\Pipeline\Pipeline->Illuminate\Pipeline\{closure}(Object(Illuminate\Http\Request))
#30 C:\laragon\www\water\vendor\laravel\framework\src\Illuminate\Pipeline\Pipeline.php(219): Illuminate\Auth\Middleware\EnsureEmailIsVerified->handle(Object(Illuminate\Http\Request), Object(Closure))
#31 C:\laragon\www\water\vendor\laravel\framework\src\Illuminate\Routing\Middleware\SubstituteBindings.php(52): Illuminate\Pipeline\Pipeline->Illuminate\Pipeline\{closure}(Object(Illuminate\Http\Request))
#32 C:\laragon\www\water\vendor\laravel\framework\src\Illuminate\Pipeline\Pipeline.php(219): Illuminate\Routing\Middleware\SubstituteBindings->handle(Object(Illuminate\Http\Request), Object(Closure))
#33 C:\laragon\www\water\vendor\laravel\framework\src\Illuminate\Auth\Middleware\Authenticate.php(63): Illuminate\Pipeline\Pipeline->Illuminate\Pipeline\{closure}(Object(Illuminate\Http\Request))
#34 C:\laragon\www\water\vendor\laravel\framework\src\Illuminate\Pipeline\Pipeline.php(219): Illuminate\Auth\Middleware\Authenticate->handle(Object(Illuminate\Http\Request), Object(Closure))
#35 C:\laragon\www\water\vendor\laravel\framework\src\Illuminate\Foundation\Http\Middleware\PreventRequestForgery.php(104): Illuminate\Pipeline\Pipeline->Illuminate\Pipeline\{closure}(Object(Illuminate\Http\Request))
#36 C:\laragon\www\water\vendor\laravel\framework\src\Illuminate\Pipeline\Pipeline.php(219): Illuminate\Foundation\Http\Middleware\PreventRequestForgery->handle(Object(Illuminate\Http\Request), Object(Closure))
#37 C:\laragon\www\water\vendor\laravel\framework\src\Illuminate\View\Middleware\ShareErrorsFromSession.php(48): Illuminate\Pipeline\Pipeline->Illuminate\Pipeline\{closure}(Object(Illuminate\Http\Request))
#38 C:\laragon\www\water\vendor\laravel\framework\src\Illuminate\Pipeline\Pipeline.php(219): Illuminate\View\Middleware\ShareErrorsFromSession->handle(Object(Illuminate\Http\Request), Object(Closure))
#39 C:\laragon\www\water\vendor\laravel\framework\src\Illuminate\Session\Middleware\StartSession.php(120): Illuminate\Pipeline\Pipeline->Illuminate\Pipeline\{closure}(Object(Illuminate\Http\Request))
#40 C:\laragon\www\water\vendor\laravel\framework\src\Illuminate\Session\Middleware\StartSession.php(63): Illuminate\Session\Middleware\StartSession->handleStatefulRequest(Object(Illuminate\Http\Request), Object(Illuminate\Session\Store), Object(Closure))
#41 C:\laragon\www\water\vendor\laravel\framework\src\Illuminate\Pipeline\Pipeline.php(219): Illuminate\Session\Middleware\StartSession->handle(Object(Illuminate\Http\Request), Object(Closure))
#42 C:\laragon\www\water\vendor\laravel\framework\src\Illuminate\Cookie\Middleware\AddQueuedCookiesToResponse.php(36): Illuminate\Pipeline\Pipeline->Illuminate\Pipeline\{closure}(Object(Illuminate\Http\Request))
#43 C:\laragon\www\water\vendor\laravel\framework\src\Illuminate\Pipeline\Pipeline.php(219): Illuminate\Cookie\Middleware\AddQueuedCookiesToResponse->handle(Object(Illuminate\Http\Request), Object(Closure))
#44 C:\laragon\www\water\vendor\laravel\framework\src\Illuminate\Cookie\Middleware\EncryptCookies.php(74): Illuminate\Pipeline\Pipeline->Illuminate\Pipeline\{closure}(Object(Illuminate\Http\Request))
#45 C:\laragon\www\water\vendor\laravel\framework\src\Illuminate\Pipeline\Pipeline.php(219): Illuminate\Cookie\Middleware\EncryptCookies->handle(Object(Illuminate\Http\Request), Object(Closure))
#46 C:\laragon\www\water\vendor\laravel\framework\src\Illuminate\Pipeline\Pipeline.php(137): Illuminate\Pipeline\Pipeline->Illuminate\Pipeline\{closure}(Object(Illuminate\Http\Request))
#47 C:\laragon\www\water\vendor\laravel\framework\src\Illuminate\Routing\Router.php(821): Illuminate\Pipeline\Pipeline->then(Object(Closure))
#48 C:\laragon\www\water\vendor\laravel\framework\src\Illuminate\Routing\Router.php(800): Illuminate\Routing\Router->runRouteWithinStack(Object(Illuminate\Routing\Route), Object(Illuminate\Http\Request))
#49 C:\laragon\www\water\vendor\laravel\framework\src\Illuminate\Routing\Router.php(764): Illuminate\Routing\Router->runRoute(Object(Illuminate\Http\Request), Object(Illuminate\Routing\Route))
#50 C:\laragon\www\water\vendor\laravel\framework\src\Illuminate\Routing\Router.php(753): Illuminate\Routing\Router->dispatchToRoute(Object(Illuminate\Http\Request))
#51 C:\laragon\www\water\vendor\laravel\framework\src\Illuminate\Foundation\Http\Kernel.php(200): Illuminate\Routing\Router->dispatch(Object(Illuminate\Http\Request))
#52 C:\laragon\www\water\vendor\laravel\framework\src\Illuminate\Pipeline\Pipeline.php(180): Illuminate\Foundation\Http\Kernel->Illuminate\Foundation\Http\{closure}(Object(Illuminate\Http\Request))
#53 C:\laragon\www\water\vendor\livewire\livewire\src\Features\SupportDisablingBackButtonCache\DisableBackButtonCacheMiddleware.php(19): Illuminate\Pipeline\Pipeline->Illuminate\Pipeline\{closure}(Object(Illuminate\Http\Request))
#54 C:\laragon\www\water\vendor\laravel\framework\src\Illuminate\Pipeline\Pipeline.php(219): Livewire\Features\SupportDisablingBackButtonCache\DisableBackButtonCacheMiddleware->handle(Object(Illuminate\Http\Request), Object(Closure))
#55 C:\laragon\www\water\vendor\laravel\framework\src\Illuminate\Foundation\Http\Middleware\TransformsRequest.php(21): Illuminate\Pipeline\Pipeline->Illuminate\Pipeline\{closure}(Object(Illuminate\Http\Request))
#56 C:\laragon\www\water\vendor\laravel\framework\src\Illuminate\Foundation\Http\Middleware\ConvertEmptyStringsToNull.php(31): Illuminate\Foundation\Http\Middleware\TransformsRequest->handle(Object(Illuminate\Http\Request), Object(Closure))
#57 C:\laragon\www\water\vendor\laravel\framework\src\Illuminate\Pipeline\Pipeline.php(219): Illuminate\Foundation\Http\Middleware\ConvertEmptyStringsToNull->handle(Object(Illuminate\Http\Request), Object(Closure))
#58 C:\laragon\www\water\vendor\laravel\framework\src\Illuminate\Foundation\Http\Middleware\TransformsRequest.php(21): Illuminate\Pipeline\Pipeline->Illuminate\Pipeline\{closure}(Object(Illuminate\Http\Request))
#59 C:\laragon\www\water\vendor\laravel\framework\src\Illuminate\Foundation\Http\Middleware\TrimStrings.php(51): Illuminate\Foundation\Http\Middleware\TransformsRequest->handle(Object(Illuminate\Http\Request), Object(Closure))
#60 C:\laragon\www\water\vendor\laravel\framework\src\Illuminate\Pipeline\Pipeline.php(219): Illuminate\Foundation\Http\Middleware\TrimStrings->handle(Object(Illuminate\Http\Request), Object(Closure))
#61 C:\laragon\www\water\vendor\laravel\framework\src\Illuminate\Http\Middleware\ValidatePostSize.php(27): Illuminate\Pipeline\Pipeline->Illuminate\Pipeline\{closure}(Object(Illuminate\Http\Request))
#62 C:\laragon\www\water\vendor\laravel\framework\src\Illuminate\Pipeline\Pipeline.php(219): Illuminate\Http\Middleware\ValidatePostSize->handle(Object(Illuminate\Http\Request), Object(Closure))
#63 C:\laragon\www\water\vendor\laravel\framework\src\Illuminate\Foundation\Http\Middleware\PreventRequestsDuringMaintenance.php(109): Illuminate\Pipeline\Pipeline->Illuminate\Pipeline\{closure}(Object(Illuminate\Http\Request))
#64 C:\laragon\www\water\vendor\laravel\framework\src\Illuminate\Pipeline\Pipeline.php(219): Illuminate\Foundation\Http\Middleware\PreventRequestsDuringMaintenance->handle(Object(Illuminate\Http\Request), Object(Closure))
#65 C:\laragon\www\water\vendor\laravel\framework\src\Illuminate\Http\Middleware\HandleCors.php(61): Illuminate\Pipeline\Pipeline->Illuminate\Pipeline\{closure}(Object(Illuminate\Http\Request))
#66 C:\laragon\www\water\vendor\laravel\framework\src\Illuminate\Pipeline\Pipeline.php(219): Illuminate\Http\Middleware\HandleCors->handle(Object(Illuminate\Http\Request), Object(Closure))
#67 C:\laragon\www\water\vendor\laravel\framework\src\Illuminate\Http\Middleware\TrustProxies.php(58): Illuminate\Pipeline\Pipeline->Illuminate\Pipeline\{closure}(Object(Illuminate\Http\Request))
#68 C:\laragon\www\water\vendor\laravel\framework\src\Illuminate\Pipeline\Pipeline.php(219): Illuminate\Http\Middleware\TrustProxies->handle(Object(Illuminate\Http\Request), Object(Closure))
#69 C:\laragon\www\water\vendor\laravel\framework\src\Illuminate\Foundation\Http\Middleware\InvokeDeferredCallbacks.php(22): Illuminate\Pipeline\Pipeline->Illuminate\Pipeline\{closure}(Object(Illuminate\Http\Request))
#70 C:\laragon\www\water\vendor\laravel\framework\src\Illuminate\Pipeline\Pipeline.php(219): Illuminate\Foundation\Http\Middleware\InvokeDeferredCallbacks->handle(Object(Illuminate\Http\Request), Object(Closure))
#71 C:\laragon\www\water\vendor\laravel\framework\src\Illuminate\Http\Middleware\ValidatePathEncoding.php(28): Illuminate\Pipeline\Pipeline->Illuminate\Pipeline\{closure}(Object(Illuminate\Http\Request))
#72 C:\laragon\www\water\vendor\laravel\framework\src\Illuminate\Pipeline\Pipeline.php(219): Illuminate\Http\Middleware\ValidatePathEncoding->handle(Object(Illuminate\Http\Request), Object(Closure))
#73 C:\laragon\www\water\vendor\laravel\framework\src\Illuminate\Pipeline\Pipeline.php(137): Illuminate\Pipeline\Pipeline->Illuminate\Pipeline\{closure}(Object(Illuminate\Http\Request))
#74 C:\laragon\www\water\vendor\laravel\framework\src\Illuminate\Foundation\Http\Kernel.php(175): Illuminate\Pipeline\Pipeline->then(Object(Closure))
#75 C:\laragon\www\water\vendor\laravel\framework\src\Illuminate\Foundation\Http\Kernel.php(144): Illuminate\Foundation\Http\Kernel->sendRequestThroughRouter(Object(Illuminate\Http\Request))
#76 C:\laragon\www\water\vendor\laravel\framework\src\Illuminate\Foundation\Testing\Concerns\MakesHttpRequests.php(607): Illuminate\Foundation\Http\Kernel->handle(Object(Illuminate\Http\Request))
#77 C:\laragon\www\water\vendor\laravel\framework\src\Illuminate\Foundation\Testing\Concerns\MakesHttpRequests.php(368): Illuminate\Foundation\Testing\TestCase->call('GET', '/dashboard', Array, Array, Array, Array)
#78 C:\laragon\www\water\tests\Feature\Auth\AuthenticationTest.php(63): Illuminate\Foundation\Testing\TestCase->get('/dashboard')
#79 C:\laragon\www\water\vendor\phpunit\phpunit\src\Framework\TestCase.php(1332): Tests\Feature\Auth\AuthenticationTest->test_navigation_menu_can_be_rendered()
#80 C:\laragon\www\water\vendor\phpunit\phpunit\src\Framework\TestCase.php(519): PHPUnit\Framework\TestCase->runTest()
#81 C:\laragon\www\water\vendor\phpunit\phpunit\src\Framework\TestRunner\TestRunner.php(99): PHPUnit\Framework\TestCase->runBare()
#82 C:\laragon\www\water\vendor\phpunit\phpunit\src\Framework\TestCase.php(359): PHPUnit\Framework\TestRunner->run(Object(Tests\Feature\Auth\AuthenticationTest))
#83 C:\laragon\www\water\vendor\phpunit\phpunit\src\Framework\TestSuite.php(374): PHPUnit\Framework\TestCase->run()
#84 C:\laragon\www\water\vendor\phpunit\phpunit\src\Framework\TestSuite.php(374): PHPUnit\Framework\TestSuite->run()
#85 C:\laragon\www\water\vendor\phpunit\phpunit\src\Framework\TestSuite.php(374): PHPUnit\Framework\TestSuite->run()
#86 C:\laragon\www\water\vendor\phpunit\phpunit\src\TextUI\TestRunner.php(64): PHPUnit\Framework\TestSuite->run()
#87 C:\laragon\www\water\vendor\phpunit\phpunit\src\TextUI\Application.php(229): PHPUnit\TextUI\TestRunner->run(Object(PHPUnit\TextUI\Configuration\Configuration), Object(PHPUnit\Runner\ResultCache\DefaultResultCache), Object(PHPUnit\Framework\TestSuite))
#88 C:\laragon\www\water\vendor\phpunit\phpunit\phpunit(104): PHPUnit\TextUI\Application->run(Array)
#89 {main}

----------------------------------------------------------------------------------

rename(C:\laragon\www\water\storage\framework\views\1f7E505.tmp,C:\laragon\www\water\storage\framework\views\1f787a385e44c99d621ad23dd3ca692e.php): Access is denied (code: 5)

  at tests\Feature\Auth\AuthenticationTest.php:66
     62Γûò 
     63Γûò         $response = $this->get('/dashboard');
     64Γûò 
     65Γûò         $response
  Γ₧£  66Γûò             ->assertOk()
     67Γûò             ->assertSeeVolt('layout.navigation');
     68Γûò     }
     69Γûò 
     70Γûò     public function test_users_can_logout(): void

  ΓöÇΓöÇΓöÇΓöÇΓöÇΓöÇΓöÇΓöÇΓöÇΓöÇΓöÇΓöÇΓöÇΓöÇΓöÇΓöÇΓöÇΓöÇΓöÇΓöÇΓöÇΓöÇΓöÇΓöÇΓöÇΓöÇΓöÇΓöÇΓöÇΓöÇΓöÇΓöÇΓöÇΓöÇΓöÇΓöÇΓöÇΓöÇΓöÇΓöÇΓöÇΓöÇΓöÇΓöÇΓöÇΓöÇΓöÇΓöÇΓöÇΓöÇΓöÇΓöÇΓöÇΓöÇΓöÇΓöÇΓöÇΓöÇΓöÇΓöÇΓöÇΓöÇΓöÇΓöÇΓöÇΓöÇΓöÇΓöÇΓöÇΓöÇΓöÇΓöÇΓöÇΓöÇΓöÇΓöÇΓöÇΓöÇΓöÇΓöÇΓöÇΓöÇΓöÇΓöÇΓöÇΓöÇΓöÇΓöÇΓöÇΓöÇΓöÇΓöÇΓöÇΓöÇΓöÇΓöÇΓöÇΓöÇΓöÇΓöÇΓöÇΓöÇΓöÇΓöÇΓöÇΓöÇΓöÇΓöÇΓöÇΓöÇΓöÇΓöÇΓöÇΓöÇΓöÇΓöÇ  
   FAILED  Tests\Feature\ProfileTest > profile information can be updated                               ViewException   
  rename(C:\laragon\www\water\storage\framework\views\44674EA.tmp,C:\laragon\www\water\storage\framework\views/44674efa81a72adddf75ac6e567dba48.php): Access is denied (code: 5) (View: C:\laragon\www\water\resources\views\components\action-message.blade.php) (View: C:\laragon\www\water\resources\views\components\action-message.blade.php)

  at vendor\laravel\framework\src\Illuminate\Filesystem\Filesystem.php:233
    229Γûò         }
    230Γûò 
    231Γûò         file_put_contents($tempPath, $content);
    232Γûò 
  Γ₧£ 233Γûò         rename($tempPath, $path);
    234Γûò     }
    235Γûò 
    236Γûò     /**
    237Γûò      * Replace a given string within a given file.

  1   vendor\laravel\framework\src\Illuminate\Filesystem\Filesystem.php:233
  2   vendor\livewire\livewire\src\Mechanisms\ExtendBlade\ExtendedCompilerEngine.php:58


  Tests:    3 failed, 24 passed (65 assertions)
  Duration: 99.10s

